../Core/Src/main.c:93:7:read_battery_voltage	24	static
../Core/Src/main.c:102:6:set_motor_speed	16	static
../Core/Src/main.c:106:6:motor_off	8	static
../Core/Src/main.c:112:6:motor_full_speed	8	static
../Core/Src/main.c:116:6:motor_variable_speed	8	static
../Core/Src/main.c:120:6:motor_rotate_ccw	8	static
../Core/Src/main.c:125:6:motor_rotate_cw	8	static
../Core/Src/main.c:130:6:HAL_GPIO_EXTI_Callback	16	static
../Core/Src/main.c:139:6:handle_clicks	8	static
../Core/Src/main.c:157:5:main	16	static
../Core/Src/main.c:229:6:SystemClock_Config	88	static
../Core/Src/main.c:275:13:MX_ADC1_Init	24	static
../Core/Src/main.c:327:13:MX_I2C1_Init	8	static
../Core/Src/main.c:361:13:MX_I2S3_Init	8	static
../Core/Src/main.c:395:13:MX_SPI1_Init	8	static
../Core/Src/main.c:433:13:MX_TIM1_Init	16	static
../Core/Src/main.c:473:13:MX_TIM3_Init	56	static
../Core/Src/main.c:522:13:MX_GPIO_Init	56	static
../Core/Src/main.c:638:6:HAL_TIM_PeriodElapsedCallback	16	static
../Core/Src/main.c:650:6:Error_Handler	4	static,ignoring_inline_asm
